Archive member included because of file (symbol)

d:/education/iti/imt tools/sdk/imt_sdk_win_64/winavr/bin/../lib/gcc/avr/4.3.3/avr5\libgcc.a(_mulsi3.o)
                              ./MCAL/Timer/Timer_prog.o (__mulsi3)
d:/education/iti/imt tools/sdk/imt_sdk_win_64/winavr/bin/../lib/gcc/avr/4.3.3/avr5\libgcc.a(_udivmodsi4.o)
                              ./MCAL/Timer/Timer_prog.o (__udivmodsi4)
d:/education/iti/imt tools/sdk/imt_sdk_win_64/winavr/bin/../lib/gcc/avr/4.3.3/avr5\libgcc.a(_exit.o)
                              d:/education/iti/imt tools/sdk/imt_sdk_win_64/winavr/bin/../lib/gcc/avr/4.3.3/../../../../avr/lib/avr5/crtm32.o (exit)
d:/education/iti/imt tools/sdk/imt_sdk_win_64/winavr/bin/../lib/gcc/avr/4.3.3/avr5\libgcc.a(_copy_data.o)
                              ./MCAL/TWI_EEPROM/TWI_EEPROM.o (__do_copy_data)
d:/education/iti/imt tools/sdk/imt_sdk_win_64/winavr/bin/../lib/gcc/avr/4.3.3/avr5\libgcc.a(_clear_bss.o)
                              ./MCAL/Timer/Timer_prog.o (__do_clear_bss)
d:/education/iti/imt tools/sdk/imt_sdk_win_64/winavr/bin/../lib/gcc/avr/4.3.3/avr5\libgcc.a(_fixunssfsi.o)
                              ./MCAL/Timer/Timer_prog.o (__fixunssfsi)
d:/education/iti/imt tools/sdk/imt_sdk_win_64/winavr/bin/../lib/gcc/avr/4.3.3/avr5\libgcc.a(_addsub_sf.o)
                              ./MCAL/Timer/Timer_prog.o (__subsf3)
d:/education/iti/imt tools/sdk/imt_sdk_win_64/winavr/bin/../lib/gcc/avr/4.3.3/avr5\libgcc.a(_mul_sf.o)
                              ./MCAL/Timer/Timer_prog.o (__mulsf3)
d:/education/iti/imt tools/sdk/imt_sdk_win_64/winavr/bin/../lib/gcc/avr/4.3.3/avr5\libgcc.a(_div_sf.o)
                              ./MCAL/Timer/Timer_prog.o (__divsf3)
d:/education/iti/imt tools/sdk/imt_sdk_win_64/winavr/bin/../lib/gcc/avr/4.3.3/avr5\libgcc.a(_ne_sf.o)
                              ./MCAL/Timer/Timer_prog.o (__nesf2)
d:/education/iti/imt tools/sdk/imt_sdk_win_64/winavr/bin/../lib/gcc/avr/4.3.3/avr5\libgcc.a(_gt_sf.o)
                              ./MCAL/TWI_EEPROM/TWI_EEPROM.o (__gtsf2)
d:/education/iti/imt tools/sdk/imt_sdk_win_64/winavr/bin/../lib/gcc/avr/4.3.3/avr5\libgcc.a(_ge_sf.o)
                              d:/education/iti/imt tools/sdk/imt_sdk_win_64/winavr/bin/../lib/gcc/avr/4.3.3/avr5\libgcc.a(_fixunssfsi.o) (__gesf2)
d:/education/iti/imt tools/sdk/imt_sdk_win_64/winavr/bin/../lib/gcc/avr/4.3.3/avr5\libgcc.a(_lt_sf.o)
                              ./MCAL/Timer/Timer_prog.o (__ltsf2)
d:/education/iti/imt tools/sdk/imt_sdk_win_64/winavr/bin/../lib/gcc/avr/4.3.3/avr5\libgcc.a(_sf_to_si.o)
                              d:/education/iti/imt tools/sdk/imt_sdk_win_64/winavr/bin/../lib/gcc/avr/4.3.3/avr5\libgcc.a(_fixunssfsi.o) (__fixsfsi)
d:/education/iti/imt tools/sdk/imt_sdk_win_64/winavr/bin/../lib/gcc/avr/4.3.3/avr5\libgcc.a(_thenan_sf.o)
                              d:/education/iti/imt tools/sdk/imt_sdk_win_64/winavr/bin/../lib/gcc/avr/4.3.3/avr5\libgcc.a(_addsub_sf.o) (__thenan_sf)
d:/education/iti/imt tools/sdk/imt_sdk_win_64/winavr/bin/../lib/gcc/avr/4.3.3/avr5\libgcc.a(_usi_to_sf.o)
                              ./MCAL/Timer/Timer_prog.o (__floatunsisf)
d:/education/iti/imt tools/sdk/imt_sdk_win_64/winavr/bin/../lib/gcc/avr/4.3.3/avr5\libgcc.a(_prologue.o)
                              d:/education/iti/imt tools/sdk/imt_sdk_win_64/winavr/bin/../lib/gcc/avr/4.3.3/avr5\libgcc.a(_addsub_sf.o) (__prologue_saves__)
d:/education/iti/imt tools/sdk/imt_sdk_win_64/winavr/bin/../lib/gcc/avr/4.3.3/avr5\libgcc.a(_epilogue.o)
                              d:/education/iti/imt tools/sdk/imt_sdk_win_64/winavr/bin/../lib/gcc/avr/4.3.3/avr5\libgcc.a(_addsub_sf.o) (__epilogue_restores__)
d:/education/iti/imt tools/sdk/imt_sdk_win_64/winavr/bin/../lib/gcc/avr/4.3.3/avr5\libgcc.a(_clzsi2.o)
                              d:/education/iti/imt tools/sdk/imt_sdk_win_64/winavr/bin/../lib/gcc/avr/4.3.3/avr5\libgcc.a(_usi_to_sf.o) (__clzsi2)
d:/education/iti/imt tools/sdk/imt_sdk_win_64/winavr/bin/../lib/gcc/avr/4.3.3/avr5\libgcc.a(_pack_sf.o)
                              d:/education/iti/imt tools/sdk/imt_sdk_win_64/winavr/bin/../lib/gcc/avr/4.3.3/avr5\libgcc.a(_addsub_sf.o) (__pack_f)
d:/education/iti/imt tools/sdk/imt_sdk_win_64/winavr/bin/../lib/gcc/avr/4.3.3/avr5\libgcc.a(_unpack_sf.o)
                              d:/education/iti/imt tools/sdk/imt_sdk_win_64/winavr/bin/../lib/gcc/avr/4.3.3/avr5\libgcc.a(_addsub_sf.o) (__unpack_f)
d:/education/iti/imt tools/sdk/imt_sdk_win_64/winavr/bin/../lib/gcc/avr/4.3.3/avr5\libgcc.a(_fpcmp_parts_sf.o)
                              d:/education/iti/imt tools/sdk/imt_sdk_win_64/winavr/bin/../lib/gcc/avr/4.3.3/avr5\libgcc.a(_ne_sf.o) (__fpcmp_parts_f)
d:/education/iti/imt tools/sdk/imt_sdk_win_64/winavr/bin/../lib/gcc/avr/4.3.3/avr5\libgcc.a(_clz.o)
                              d:/education/iti/imt tools/sdk/imt_sdk_win_64/winavr/bin/../lib/gcc/avr/4.3.3/avr5\libgcc.a(_clzsi2.o) (__clz_tab)
d:/education/iti/imt tools/sdk/imt_sdk_win_64/winavr/bin/../lib/gcc/avr/4.3.3/../../../../avr/lib/avr5\libc.a(strlen.o)
                              ./main.o (strlen)
d:/education/iti/imt tools/sdk/imt_sdk_win_64/winavr/bin/../lib/gcc/avr/4.3.3/../../../../avr/lib/avr5\libc.a(ltoa.o)
                              ./HAL/LCD/LCD_prog.o (ltoa)
d:/education/iti/imt tools/sdk/imt_sdk_win_64/winavr/bin/../lib/gcc/avr/4.3.3/../../../../avr/lib/avr5\libc.a(strrev.o)
                              d:/education/iti/imt tools/sdk/imt_sdk_win_64/winavr/bin/../lib/gcc/avr/4.3.3/../../../../avr/lib/avr5\libc.a(ltoa.o) (strrev)

Allocating common symbols
Common symbol       size              file

ADC_Callback        0x2               ./MCAL/ADC/ADC_prog.o

Memory Configuration

Name             Origin             Length             Attributes
text             0x00000000         0x00020000         xr
data             0x00800060         0x0000ffa0         rw !x
eeprom           0x00810000         0x00010000         rw !x
fuse             0x00820000         0x00000400         rw !x
lock             0x00830000         0x00000400         rw !x
signature        0x00840000         0x00000400         rw !x
*default*        0x00000000         0xffffffff

Linker script and memory map

LOAD d:/education/iti/imt tools/sdk/imt_sdk_win_64/winavr/bin/../lib/gcc/avr/4.3.3/../../../../avr/lib/avr5/crtm32.o
LOAD ./MCAL/UART/UART.o
LOAD ./MCAL/Timer/Timer_prog.o
LOAD ./MCAL/TWI_EEPROM/TWI_EEPROM.o
LOAD ./MCAL/EXIT_interrupt/EXT_INTERUPT_prog.o
LOAD ./MCAL/DIO/DIO_prg.o
LOAD ./MCAL/ADC/ADC_prog.o
LOAD ./HAL/Push_button/Pb_prog.o
LOAD ./HAL/LCD/LCD_private.o
LOAD ./HAL/LCD/LCD_prog.o
LOAD ./HAL/KEY_PAD/KP_prog.o
LOAD ./main.o
LOAD d:/education/iti/imt tools/sdk/imt_sdk_win_64/winavr/bin/../lib/gcc/avr/4.3.3/avr5\libgcc.a
LOAD d:/education/iti/imt tools/sdk/imt_sdk_win_64/winavr/bin/../lib/gcc/avr/4.3.3/../../../../avr/lib/avr5\libc.a
LOAD d:/education/iti/imt tools/sdk/imt_sdk_win_64/winavr/bin/../lib/gcc/avr/4.3.3/avr5\libgcc.a

.hash
 *(.hash)

.dynsym
 *(.dynsym)

.dynstr
 *(.dynstr)

.gnu.version
 *(.gnu.version)

.gnu.version_d
 *(.gnu.version_d)

.gnu.version_r
 *(.gnu.version_r)

.rel.init
 *(.rel.init)

.rela.init
 *(.rela.init)

.rel.text
 *(.rel.text)
 *(.rel.text.*)
 *(.rel.gnu.linkonce.t*)

.rela.text
 *(.rela.text)
 *(.rela.text.*)
 *(.rela.gnu.linkonce.t*)

.rel.fini
 *(.rel.fini)

.rela.fini
 *(.rela.fini)

.rel.rodata
 *(.rel.rodata)
 *(.rel.rodata.*)
 *(.rel.gnu.linkonce.r*)

.rela.rodata
 *(.rela.rodata)
 *(.rela.rodata.*)
 *(.rela.gnu.linkonce.r*)

.rel.data
 *(.rel.data)
 *(.rel.data.*)
 *(.rel.gnu.linkonce.d*)

.rela.data
 *(.rela.data)
 *(.rela.data.*)
 *(.rela.gnu.linkonce.d*)

.rel.ctors
 *(.rel.ctors)

.rela.ctors
 *(.rela.ctors)

.rel.dtors
 *(.rel.dtors)

.rela.dtors
 *(.rela.dtors)

.rel.got
 *(.rel.got)

.rela.got
 *(.rela.got)

.rel.bss
 *(.rel.bss)

.rela.bss
 *(.rela.bss)

.rel.plt
 *(.rel.plt)

.rela.plt
 *(.rela.plt)

.text           0x00000000     0x4e16
 *(.vectors)
 .vectors       0x00000000       0x54 d:/education/iti/imt tools/sdk/imt_sdk_win_64/winavr/bin/../lib/gcc/avr/4.3.3/../../../../avr/lib/avr5/crtm32.o
                0x00000000                __vectors
                0x00000000                __vector_default
 *(.vectors)
 *(.progmem.gcc*)
 *(.progmem*)
                0x00000054                . = ALIGN (0x2)
                0x00000054                __trampolines_start = .
 *(.trampolines)
 .trampolines   0x00000054        0x0 linker stubs
 *(.trampolines*)
                0x00000054                __trampolines_end = .
 *(.jumptables)
 *(.jumptables*)
 *(.lowtext)
 *(.lowtext*)
                0x00000054                __ctors_start = .
 *(.ctors)
                0x00000054                __ctors_end = .
                0x00000054                __dtors_start = .
 *(.dtors)
                0x00000054                __dtors_end = .
 SORT(*)(.ctors)
 SORT(*)(.dtors)
 *(.init0)
 .init0         0x00000054        0x0 d:/education/iti/imt tools/sdk/imt_sdk_win_64/winavr/bin/../lib/gcc/avr/4.3.3/../../../../avr/lib/avr5/crtm32.o
                0x00000054                __init
 *(.init0)
 *(.init1)
 *(.init1)
 *(.init2)
 .init2         0x00000054        0xc d:/education/iti/imt tools/sdk/imt_sdk_win_64/winavr/bin/../lib/gcc/avr/4.3.3/../../../../avr/lib/avr5/crtm32.o
 *(.init2)
 *(.init3)
 *(.init3)
 *(.init4)
 .init4         0x00000060       0x16 d:/education/iti/imt tools/sdk/imt_sdk_win_64/winavr/bin/../lib/gcc/avr/4.3.3/avr5\libgcc.a(_copy_data.o)
                0x00000060                __do_copy_data
 .init4         0x00000076       0x10 d:/education/iti/imt tools/sdk/imt_sdk_win_64/winavr/bin/../lib/gcc/avr/4.3.3/avr5\libgcc.a(_clear_bss.o)
                0x00000076                __do_clear_bss
 *(.init4)
 *(.init5)
 *(.init5)
 *(.init6)
 *(.init6)
 *(.init7)
 *(.init7)
 *(.init8)
 *(.init8)
 *(.init9)
 .init9         0x00000086        0x8 d:/education/iti/imt tools/sdk/imt_sdk_win_64/winavr/bin/../lib/gcc/avr/4.3.3/../../../../avr/lib/avr5/crtm32.o
 *(.init9)
 *(.text)
 .text          0x0000008e        0x4 d:/education/iti/imt tools/sdk/imt_sdk_win_64/winavr/bin/../lib/gcc/avr/4.3.3/../../../../avr/lib/avr5/crtm32.o
                0x0000008e                __vector_12
                0x0000008e                __bad_interrupt
                0x0000008e                __vector_6
                0x0000008e                __vector_13
                0x0000008e                __vector_17
                0x0000008e                __vector_19
                0x0000008e                __vector_7
                0x0000008e                __vector_9
                0x0000008e                __vector_15
                0x0000008e                __vector_8
                0x0000008e                __vector_14
                0x0000008e                __vector_18
                0x0000008e                __vector_20
 .text          0x00000092        0x0 ./MCAL/UART/UART.o
 .text          0x00000092        0x0 ./MCAL/Timer/Timer_prog.o
 .text          0x00000092        0x0 ./MCAL/TWI_EEPROM/TWI_EEPROM.o
 .text          0x00000092        0x0 ./MCAL/EXIT_interrupt/EXT_INTERUPT_prog.o
 .text          0x00000092        0x0 ./MCAL/DIO/DIO_prg.o
 .text          0x00000092        0x0 ./MCAL/ADC/ADC_prog.o
 .text          0x00000092        0x0 ./HAL/Push_button/Pb_prog.o
 .text          0x00000092        0x0 ./HAL/LCD/LCD_private.o
 .text          0x00000092        0x0 ./HAL/LCD/LCD_prog.o
 .text          0x00000092        0x0 ./HAL/KEY_PAD/KP_prog.o
 .text          0x00000092        0x0 ./main.o
 .text          0x00000092        0x0 d:/education/iti/imt tools/sdk/imt_sdk_win_64/winavr/bin/../lib/gcc/avr/4.3.3/avr5\libgcc.a(_mulsi3.o)
 .text          0x00000092        0x0 d:/education/iti/imt tools/sdk/imt_sdk_win_64/winavr/bin/../lib/gcc/avr/4.3.3/avr5\libgcc.a(_udivmodsi4.o)
 .text          0x00000092        0x0 d:/education/iti/imt tools/sdk/imt_sdk_win_64/winavr/bin/../lib/gcc/avr/4.3.3/avr5\libgcc.a(_exit.o)
 .text          0x00000092        0x0 d:/education/iti/imt tools/sdk/imt_sdk_win_64/winavr/bin/../lib/gcc/avr/4.3.3/avr5\libgcc.a(_copy_data.o)
 .text          0x00000092        0x0 d:/education/iti/imt tools/sdk/imt_sdk_win_64/winavr/bin/../lib/gcc/avr/4.3.3/avr5\libgcc.a(_clear_bss.o)
 .text          0x00000092       0x58 d:/education/iti/imt tools/sdk/imt_sdk_win_64/winavr/bin/../lib/gcc/avr/4.3.3/avr5\libgcc.a(_fixunssfsi.o)
                0x00000092                __fixunssfsi
 .text          0x000000ea      0x354 d:/education/iti/imt tools/sdk/imt_sdk_win_64/winavr/bin/../lib/gcc/avr/4.3.3/avr5\libgcc.a(_addsub_sf.o)
                0x00000382                __subsf3
                0x000003e4                __addsf3
 .text          0x0000043e      0x1f4 d:/education/iti/imt tools/sdk/imt_sdk_win_64/winavr/bin/../lib/gcc/avr/4.3.3/avr5\libgcc.a(_mul_sf.o)
                0x0000043e                __mulsf3
 .text          0x00000632      0x158 d:/education/iti/imt tools/sdk/imt_sdk_win_64/winavr/bin/../lib/gcc/avr/4.3.3/avr5\libgcc.a(_div_sf.o)
                0x00000632                __divsf3
 .text          0x0000078a       0x60 d:/education/iti/imt tools/sdk/imt_sdk_win_64/winavr/bin/../lib/gcc/avr/4.3.3/avr5\libgcc.a(_ne_sf.o)
                0x0000078a                __nesf2
 .text          0x000007ea       0x60 d:/education/iti/imt tools/sdk/imt_sdk_win_64/winavr/bin/../lib/gcc/avr/4.3.3/avr5\libgcc.a(_gt_sf.o)
                0x000007ea                __gtsf2
 .text          0x0000084a       0x60 d:/education/iti/imt tools/sdk/imt_sdk_win_64/winavr/bin/../lib/gcc/avr/4.3.3/avr5\libgcc.a(_ge_sf.o)
                0x0000084a                __gesf2
 .text          0x000008aa       0x60 d:/education/iti/imt tools/sdk/imt_sdk_win_64/winavr/bin/../lib/gcc/avr/4.3.3/avr5\libgcc.a(_lt_sf.o)
                0x000008aa                __ltsf2
 .text          0x0000090a       0xa8 d:/education/iti/imt tools/sdk/imt_sdk_win_64/winavr/bin/../lib/gcc/avr/4.3.3/avr5\libgcc.a(_sf_to_si.o)
                0x0000090a                __fixsfsi
 .text          0x000009b2        0x0 d:/education/iti/imt tools/sdk/imt_sdk_win_64/winavr/bin/../lib/gcc/avr/4.3.3/avr5\libgcc.a(_thenan_sf.o)
 .text          0x000009b2       0xf2 d:/education/iti/imt tools/sdk/imt_sdk_win_64/winavr/bin/../lib/gcc/avr/4.3.3/avr5\libgcc.a(_usi_to_sf.o)
                0x000009b2                __floatunsisf
 .text          0x00000aa4        0x0 d:/education/iti/imt tools/sdk/imt_sdk_win_64/winavr/bin/../lib/gcc/avr/4.3.3/avr5\libgcc.a(_prologue.o)
 .text          0x00000aa4        0x0 d:/education/iti/imt tools/sdk/imt_sdk_win_64/winavr/bin/../lib/gcc/avr/4.3.3/avr5\libgcc.a(_epilogue.o)
 .text          0x00000aa4       0x9e d:/education/iti/imt tools/sdk/imt_sdk_win_64/winavr/bin/../lib/gcc/avr/4.3.3/avr5\libgcc.a(_clzsi2.o)
                0x00000aa4                __clzsi2
 .text          0x00000b42      0x1aa d:/education/iti/imt tools/sdk/imt_sdk_win_64/winavr/bin/../lib/gcc/avr/4.3.3/avr5\libgcc.a(_pack_sf.o)
                0x00000b42                __pack_f
 .text          0x00000cec       0xf0 d:/education/iti/imt tools/sdk/imt_sdk_win_64/winavr/bin/../lib/gcc/avr/4.3.3/avr5\libgcc.a(_unpack_sf.o)
                0x00000cec                __unpack_f
 .text          0x00000ddc       0xb2 d:/education/iti/imt tools/sdk/imt_sdk_win_64/winavr/bin/../lib/gcc/avr/4.3.3/avr5\libgcc.a(_fpcmp_parts_sf.o)
                0x00000ddc                __fpcmp_parts_f
 .text          0x00000e8e        0x0 d:/education/iti/imt tools/sdk/imt_sdk_win_64/winavr/bin/../lib/gcc/avr/4.3.3/avr5\libgcc.a(_clz.o)
 .text          0x00000e8e        0x0 d:/education/iti/imt tools/sdk/imt_sdk_win_64/winavr/bin/../lib/gcc/avr/4.3.3/../../../../avr/lib/avr5\libc.a(strlen.o)
 .text          0x00000e8e        0x0 d:/education/iti/imt tools/sdk/imt_sdk_win_64/winavr/bin/../lib/gcc/avr/4.3.3/../../../../avr/lib/avr5\libc.a(ltoa.o)
 .text          0x00000e8e        0x0 d:/education/iti/imt tools/sdk/imt_sdk_win_64/winavr/bin/../lib/gcc/avr/4.3.3/../../../../avr/lib/avr5\libc.a(strrev.o)
                0x00000e8e                . = ALIGN (0x2)
 *(.text.*)
 .text.UART_INIT
                0x00000e8e       0x82 ./MCAL/UART/UART.o
                0x00000e8e                UART_INIT
 .text.UART_TRANSMIT
                0x00000f10       0x2e ./MCAL/UART/UART.o
                0x00000f10                UART_TRANSMIT
 .text.UART_RECIEV
                0x00000f3e       0x2c ./MCAL/UART/UART.o
                0x00000f3e                UART_RECIEV
 .text.UART_TRANSMIT_STRING
                0x00000f6a       0x52 ./MCAL/UART/UART.o
                0x00000f6a                UART_TRANSMIT_STRING
 .text.MTimer_voidInt
                0x00000fbc       0xc4 ./MCAL/Timer/Timer_prog.o
                0x00000fbc                MTimer_voidInt
 .text.MTimer_voidSetDisiredTime
                0x00001080      0x4be ./MCAL/Timer/Timer_prog.o
                0x00001080                MTimer_voidSetDisiredTime
 .text.MTimer_voidCtcCallBack
                0x0000153e       0x6e ./MCAL/Timer/Timer_prog.o
                0x0000153e                MTimer_voidCtcCallBack
 .text.MTimer_voidSetPWM
                0x000015ac       0x3c ./MCAL/Timer/Timer_prog.o
                0x000015ac                MTimer_voidSetPWM
 .text.MTimerCalcFreqofTon
                0x000015e8      0x1e2 ./MCAL/Timer/Timer_prog.o
                0x000015e8                MTimerCalcFreqofTon
 .text.MTimerCalcDutyCycle
                0x000017ca      0x2fc ./MCAL/Timer/Timer_prog.o
                0x000017ca                MTimerCalcDutyCycle
 .text.MTimerCalcFreqofTtotal
                0x00001ac6      0x1f0 ./MCAL/Timer/Timer_prog.o
                0x00001ac6                MTimerCalcFreqofTtotal
 .text.__vector_10
                0x00001cb6       0xc8 ./MCAL/Timer/Timer_prog.o
                0x00001cb6                __vector_10
 .text.__vector_5
                0x00001d7e       0xc8 ./MCAL/Timer/Timer_prog.o
                0x00001d7e                __vector_5
 .text.__vector_4
                0x00001e46       0xc8 ./MCAL/Timer/Timer_prog.o
                0x00001e46                __vector_4
 .text.TWI_INIT
                0x00001f0e       0x24 ./MCAL/TWI_EEPROM/TWI_EEPROM.o
                0x00001f0e                TWI_INIT
 .text.TWI_START
                0x00001f32       0x20 ./MCAL/TWI_EEPROM/TWI_EEPROM.o
                0x00001f32                TWI_START
 .text.TWI_STOP
                0x00001f52       0x28 ./MCAL/TWI_EEPROM/TWI_EEPROM.o
                0x00001f52                TWI_STOP
 .text.TWI_WRITE
                0x00001f7a       0x2e ./MCAL/TWI_EEPROM/TWI_EEPROM.o
                0x00001f7a                TWI_WRITE
 .text.TWI_READACK
                0x00001fa8       0x26 ./MCAL/TWI_EEPROM/TWI_EEPROM.o
                0x00001fa8                TWI_READACK
 .text.TWI_READNACK
                0x00001fce       0x26 ./MCAL/TWI_EEPROM/TWI_EEPROM.o
                0x00001fce                TWI_READNACK
 .text.TWI_GETSTATUS
                0x00001ff4       0x16 ./MCAL/TWI_EEPROM/TWI_EEPROM.o
                0x00001ff4                TWI_GETSTATUS
 .text.READ_EEPROM
                0x0000200a       0x78 ./MCAL/TWI_EEPROM/TWI_EEPROM.o
                0x0000200a                READ_EEPROM
 .text.WRITE_EEPROM
                0x00002082      0x15a ./MCAL/TWI_EEPROM/TWI_EEPROM.o
                0x00002082                WRITE_EEPROM
 .text.MINT_voidInit
                0x000021dc       0x62 ./MCAL/EXIT_interrupt/EXT_INTERUPT_prog.o
                0x000021dc                MINT_voidInit
 .text.MINT0_voidSetCallback
                0x0000223e       0x24 ./MCAL/EXIT_interrupt/EXT_INTERUPT_prog.o
                0x0000223e                MINT0_voidSetCallback
 .text.MINT1_voidSetCallback
                0x00002262       0x24 ./MCAL/EXIT_interrupt/EXT_INTERUPT_prog.o
                0x00002262                MINT1_voidSetCallback
 .text.MINT2_voidSetCallback
                0x00002286       0x24 ./MCAL/EXIT_interrupt/EXT_INTERUPT_prog.o
                0x00002286                MINT2_voidSetCallback
 .text.MINT0_voidSetCallback_Three
                0x000022aa       0x50 ./MCAL/EXIT_interrupt/EXT_INTERUPT_prog.o
                0x000022aa                MINT0_voidSetCallback_Three
 .text.__vector_1
                0x000022fa       0xbc ./MCAL/EXIT_interrupt/EXT_INTERUPT_prog.o
                0x000022fa                __vector_1
 .text.__vector_2
                0x000023b6       0x68 ./MCAL/EXIT_interrupt/EXT_INTERUPT_prog.o
                0x000023b6                __vector_2
 .text.__vector_3
                0x0000241e       0x68 ./MCAL/EXIT_interrupt/EXT_INTERUPT_prog.o
                0x0000241e                __vector_3
 .text.MDIO_voidSetPinDir
                0x00002486      0x176 ./MCAL/DIO/DIO_prg.o
                0x00002486                MDIO_voidSetPinDir
 .text.MDIO_voidSetPinVal
                0x000025fc       0xfc ./MCAL/DIO/DIO_prg.o
                0x000025fc                MDIO_voidSetPinVal
 .text.MDIO_u8GetPinVal
                0x000026f8      0x156 ./MCAL/DIO/DIO_prg.o
                0x000026f8                MDIO_u8GetPinVal
 .text.MDIO_voidSetPortVal
                0x0000284e       0x84 ./MCAL/DIO/DIO_prg.o
                0x0000284e                MDIO_voidSetPortVal
 .text.MDIO_voidSetPortDir
                0x000028d2       0x84 ./MCAL/DIO/DIO_prg.o
                0x000028d2                MDIO_voidSetPortDir
 .text.MDIO_u8GetPortVal
                0x00002956       0x84 ./MCAL/DIO/DIO_prg.o
                0x00002956                MDIO_u8GetPortVal
 .text.MDIO_voidClrPinVal
                0x000029da      0x106 ./MCAL/DIO/DIO_prg.o
                0x000029da                MDIO_voidClrPinVal
 .text.MDIO_voidClrPort
                0x00002ae0       0x78 ./MCAL/DIO/DIO_prg.o
                0x00002ae0                MDIO_voidClrPort
 .text.MDIO_voidTogPinVal
                0x00002b58       0xfc ./MCAL/DIO/DIO_prg.o
                0x00002b58                MDIO_voidTogPinVal
 .text.MDIO_voidTogPort
                0x00002c54       0x98 ./MCAL/DIO/DIO_prg.o
                0x00002c54                MDIO_voidTogPort
 .text.MDIO_voidWriteLowNibble
                0x00002cec       0xe2 ./MCAL/DIO/DIO_prg.o
                0x00002cec                MDIO_voidWriteLowNibble
 .text.MDIO_voidWriteHighNibble
                0x00002dce       0xe4 ./MCAL/DIO/DIO_prg.o
                0x00002dce                MDIO_voidWriteHighNibble
 .text.MDIO_voidConnectPullup
                0x00002eb2       0x56 ./MCAL/DIO/DIO_prg.o
                0x00002eb2                MDIO_voidConnectPullup
 .text.MADC_voidInt
                0x00002f08       0x9a ./MCAL/ADC/ADC_prog.o
                0x00002f08                MADC_voidInt
 .text.MADC_voidStartConversion
                0x00002fa2      0x2da ./MCAL/ADC/ADC_prog.o
                0x00002fa2                MADC_voidStartConversion
 .text.MADC_u16GetADCData
                0x0000327c       0x16 ./MCAL/ADC/ADC_prog.o
                0x0000327c                MADC_u16GetADCData
 .text.MADC_voidSetCallback
                0x00003292       0x24 ./MCAL/ADC/ADC_prog.o
                0x00003292                MADC_voidSetCallback
 .text.__vector_16
                0x000032b6       0x68 ./MCAL/ADC/ADC_prog.o
                0x000032b6                __vector_16
 .text.HPushBotton_voidPbInt
                0x0000331e       0x82 ./HAL/Push_button/Pb_prog.o
                0x0000331e                HPushBotton_voidPbInt
 .text.HPushBotton_u8PbStatus
                0x000033a0      0x448 ./HAL/Push_button/Pb_prog.o
                0x000033a0                HPushBotton_u8PbStatus
 .text.HLCD_voidSendCmd
                0x000037e8      0x2fc ./HAL/LCD/LCD_private.o
                0x000037e8                HLCD_voidSendCmd
 .text.HLCD_voidInit
                0x00003ae4      0x50a ./HAL/LCD/LCD_prog.o
                0x00003ae4                HLCD_voidInit
 .text.HLCD_voidSendData
                0x00003fee      0x2fc ./HAL/LCD/LCD_prog.o
                0x00003fee                HLCD_voidSendData
 .text.HLCD_voidDispStr
                0x000042ea       0x52 ./HAL/LCD/LCD_prog.o
                0x000042ea                HLCD_voidDispStr
 .text.HLCD_voidDispIntNum
                0x0000433c       0xa0 ./HAL/LCD/LCD_prog.o
                0x0000433c                HLCD_voidDispIntNum
 .text.HLCD_voidDispFloatNum
                0x000043dc       0xfc ./HAL/LCD/LCD_prog.o
                0x000043dc                HLCD_voidDispFloatNum
 .text.HLCD_voidMovCursor
                0x000044d8       0x54 ./HAL/LCD/LCD_prog.o
                0x000044d8                HLCD_voidMovCursor
 .text.HLCD_voidClrScreen
                0x0000452c       0x14 ./HAL/LCD/LCD_prog.o
                0x0000452c                HLCD_voidClrScreen
 .text.HLCD_voidShiftDisplayRight
                0x00004540       0x14 ./HAL/LCD/LCD_prog.o
                0x00004540                HLCD_voidShiftDisplayRight
 .text.HLCD_voidShiftDisplayLeft
                0x00004554       0x14 ./HAL/LCD/LCD_prog.o
                0x00004554                HLCD_voidShiftDisplayLeft
 .text.HLCD_voidDispSpecialChar
                0x00004568       0x76 ./HAL/LCD/LCD_prog.o
                0x00004568                HLCD_voidDispSpecialChar
 .text.HKP_voidKpInt
                0x000045de       0x26 ./HAL/KEY_PAD/KP_prog.o
                0x000045de                HKP_voidKpInt
 .text.HKP_u8GetPressedKey
                0x00004604      0x19e ./HAL/KEY_PAD/KP_prog.o
                0x00004604                HKP_u8GetPressedKey
 .text.main     0x000047a2      0x2f6 ./main.o
                0x000047a2                main
 .text.TurnServo90
                0x00004a98      0x17c ./main.o
                0x00004a98                TurnServo90
 .text.Timer0Init
                0x00004c14       0x3a ./main.o
                0x00004c14                Timer0Init
 .text.__vector_11
                0x00004c4e       0x3a ./main.o
                0x00004c4e                __vector_11
 .text.libgcc   0x00004c88       0x3e d:/education/iti/imt tools/sdk/imt_sdk_win_64/winavr/bin/../lib/gcc/avr/4.3.3/avr5\libgcc.a(_mulsi3.o)
                0x00004c88                __mulsi3
 .text.libgcc   0x00004cc6       0x44 d:/education/iti/imt tools/sdk/imt_sdk_win_64/winavr/bin/../lib/gcc/avr/4.3.3/avr5\libgcc.a(_udivmodsi4.o)
                0x00004cc6                __udivmodsi4
 .text.libgcc   0x00004d0a        0x0 d:/education/iti/imt tools/sdk/imt_sdk_win_64/winavr/bin/../lib/gcc/avr/4.3.3/avr5\libgcc.a(_exit.o)
 .text.libgcc   0x00004d0a        0x0 d:/education/iti/imt tools/sdk/imt_sdk_win_64/winavr/bin/../lib/gcc/avr/4.3.3/avr5\libgcc.a(_copy_data.o)
 .text.libgcc   0x00004d0a        0x0 d:/education/iti/imt tools/sdk/imt_sdk_win_64/winavr/bin/../lib/gcc/avr/4.3.3/avr5\libgcc.a(_clear_bss.o)
 .text.libgcc   0x00004d0a       0x38 d:/education/iti/imt tools/sdk/imt_sdk_win_64/winavr/bin/../lib/gcc/avr/4.3.3/avr5\libgcc.a(_prologue.o)
                0x00004d0a                __prologue_saves__
 .text.libgcc   0x00004d42       0x36 d:/education/iti/imt tools/sdk/imt_sdk_win_64/winavr/bin/../lib/gcc/avr/4.3.3/avr5\libgcc.a(_epilogue.o)
                0x00004d42                __epilogue_restores__
 .text.avr-libc
                0x00004d78       0x12 d:/education/iti/imt tools/sdk/imt_sdk_win_64/winavr/bin/../lib/gcc/avr/4.3.3/../../../../avr/lib/avr5\libc.a(strlen.o)
                0x00004d78                strlen
 .text.avr-libc
                0x00004d8a       0x68 d:/education/iti/imt tools/sdk/imt_sdk_win_64/winavr/bin/../lib/gcc/avr/4.3.3/../../../../avr/lib/avr5\libc.a(ltoa.o)
                0x00004d8a                ltoa
 .text.avr-libc
                0x00004df2       0x20 d:/education/iti/imt tools/sdk/imt_sdk_win_64/winavr/bin/../lib/gcc/avr/4.3.3/../../../../avr/lib/avr5\libc.a(strrev.o)
                0x00004df2                strrev
                0x00004e12                . = ALIGN (0x2)
 *(.fini9)
 .fini9         0x00004e12        0x0 d:/education/iti/imt tools/sdk/imt_sdk_win_64/winavr/bin/../lib/gcc/avr/4.3.3/avr5\libgcc.a(_exit.o)
                0x00004e12                exit
                0x00004e12                _exit
 *(.fini9)
 *(.fini8)
 *(.fini8)
 *(.fini7)
 *(.fini7)
 *(.fini6)
 *(.fini6)
 *(.fini5)
 *(.fini5)
 *(.fini4)
 *(.fini4)
 *(.fini3)
 *(.fini3)
 *(.fini2)
 *(.fini2)
 *(.fini1)
 *(.fini1)
 *(.fini0)
 .fini0         0x00004e12        0x4 d:/education/iti/imt tools/sdk/imt_sdk_win_64/winavr/bin/../lib/gcc/avr/4.3.3/avr5\libgcc.a(_exit.o)
 *(.fini0)
                0x00004e16                _etext = .

.data           0x00800060      0x154 load address 0x00004e16
                0x00800060                PROVIDE (__data_start, .)
 *(.data)
 .data          0x00800060        0x0 d:/education/iti/imt tools/sdk/imt_sdk_win_64/winavr/bin/../lib/gcc/avr/4.3.3/../../../../avr/lib/avr5/crtm32.o
 .data          0x00800060        0x0 ./MCAL/UART/UART.o
 .data          0x00800060        0x0 ./MCAL/Timer/Timer_prog.o
 .data          0x00800060        0x0 ./MCAL/TWI_EEPROM/TWI_EEPROM.o
 .data          0x00800060        0x0 ./MCAL/EXIT_interrupt/EXT_INTERUPT_prog.o
 .data          0x00800060        0x0 ./MCAL/DIO/DIO_prg.o
 .data          0x00800060        0x0 ./MCAL/ADC/ADC_prog.o
 .data          0x00800060        0x0 ./HAL/Push_button/Pb_prog.o
 .data          0x00800060        0x0 ./HAL/LCD/LCD_private.o
 .data          0x00800060        0xe ./HAL/LCD/LCD_prog.o
 .data          0x0080006e        0x0 ./HAL/KEY_PAD/KP_prog.o
 .data          0x0080006e       0x18 ./main.o
 .data          0x00800086        0x0 d:/education/iti/imt tools/sdk/imt_sdk_win_64/winavr/bin/../lib/gcc/avr/4.3.3/avr5\libgcc.a(_mulsi3.o)
 .data          0x00800086        0x0 d:/education/iti/imt tools/sdk/imt_sdk_win_64/winavr/bin/../lib/gcc/avr/4.3.3/avr5\libgcc.a(_udivmodsi4.o)
 .data          0x00800086        0x0 d:/education/iti/imt tools/sdk/imt_sdk_win_64/winavr/bin/../lib/gcc/avr/4.3.3/avr5\libgcc.a(_exit.o)
 .data          0x00800086        0x0 d:/education/iti/imt tools/sdk/imt_sdk_win_64/winavr/bin/../lib/gcc/avr/4.3.3/avr5\libgcc.a(_copy_data.o)
 .data          0x00800086        0x0 d:/education/iti/imt tools/sdk/imt_sdk_win_64/winavr/bin/../lib/gcc/avr/4.3.3/avr5\libgcc.a(_clear_bss.o)
 .data          0x00800086        0x0 d:/education/iti/imt tools/sdk/imt_sdk_win_64/winavr/bin/../lib/gcc/avr/4.3.3/avr5\libgcc.a(_fixunssfsi.o)
 .data          0x00800086        0x0 d:/education/iti/imt tools/sdk/imt_sdk_win_64/winavr/bin/../lib/gcc/avr/4.3.3/avr5\libgcc.a(_addsub_sf.o)
 .data          0x00800086        0x0 d:/education/iti/imt tools/sdk/imt_sdk_win_64/winavr/bin/../lib/gcc/avr/4.3.3/avr5\libgcc.a(_mul_sf.o)
 .data          0x00800086        0x0 d:/education/iti/imt tools/sdk/imt_sdk_win_64/winavr/bin/../lib/gcc/avr/4.3.3/avr5\libgcc.a(_div_sf.o)
 .data          0x00800086        0x0 d:/education/iti/imt tools/sdk/imt_sdk_win_64/winavr/bin/../lib/gcc/avr/4.3.3/avr5\libgcc.a(_ne_sf.o)
 .data          0x00800086        0x0 d:/education/iti/imt tools/sdk/imt_sdk_win_64/winavr/bin/../lib/gcc/avr/4.3.3/avr5\libgcc.a(_gt_sf.o)
 .data          0x00800086        0x0 d:/education/iti/imt tools/sdk/imt_sdk_win_64/winavr/bin/../lib/gcc/avr/4.3.3/avr5\libgcc.a(_ge_sf.o)
 .data          0x00800086        0x0 d:/education/iti/imt tools/sdk/imt_sdk_win_64/winavr/bin/../lib/gcc/avr/4.3.3/avr5\libgcc.a(_lt_sf.o)
 .data          0x00800086        0x0 d:/education/iti/imt tools/sdk/imt_sdk_win_64/winavr/bin/../lib/gcc/avr/4.3.3/avr5\libgcc.a(_sf_to_si.o)
 .data          0x00800086        0x8 d:/education/iti/imt tools/sdk/imt_sdk_win_64/winavr/bin/../lib/gcc/avr/4.3.3/avr5\libgcc.a(_thenan_sf.o)
                0x00800086                __thenan_sf
 .data          0x0080008e        0x0 d:/education/iti/imt tools/sdk/imt_sdk_win_64/winavr/bin/../lib/gcc/avr/4.3.3/avr5\libgcc.a(_usi_to_sf.o)
 .data          0x0080008e        0x0 d:/education/iti/imt tools/sdk/imt_sdk_win_64/winavr/bin/../lib/gcc/avr/4.3.3/avr5\libgcc.a(_prologue.o)
 .data          0x0080008e        0x0 d:/education/iti/imt tools/sdk/imt_sdk_win_64/winavr/bin/../lib/gcc/avr/4.3.3/avr5\libgcc.a(_epilogue.o)
 .data          0x0080008e        0x0 d:/education/iti/imt tools/sdk/imt_sdk_win_64/winavr/bin/../lib/gcc/avr/4.3.3/avr5\libgcc.a(_clzsi2.o)
 .data          0x0080008e        0x0 d:/education/iti/imt tools/sdk/imt_sdk_win_64/winavr/bin/../lib/gcc/avr/4.3.3/avr5\libgcc.a(_pack_sf.o)
 .data          0x0080008e        0x0 d:/education/iti/imt tools/sdk/imt_sdk_win_64/winavr/bin/../lib/gcc/avr/4.3.3/avr5\libgcc.a(_unpack_sf.o)
 .data          0x0080008e        0x0 d:/education/iti/imt tools/sdk/imt_sdk_win_64/winavr/bin/../lib/gcc/avr/4.3.3/avr5\libgcc.a(_fpcmp_parts_sf.o)
 .data          0x0080008e      0x100 d:/education/iti/imt tools/sdk/imt_sdk_win_64/winavr/bin/../lib/gcc/avr/4.3.3/avr5\libgcc.a(_clz.o)
                0x0080008e                __clz_tab
 .data          0x0080018e        0x0 d:/education/iti/imt tools/sdk/imt_sdk_win_64/winavr/bin/../lib/gcc/avr/4.3.3/../../../../avr/lib/avr5\libc.a(strlen.o)
 .data          0x0080018e        0x0 d:/education/iti/imt tools/sdk/imt_sdk_win_64/winavr/bin/../lib/gcc/avr/4.3.3/../../../../avr/lib/avr5\libc.a(ltoa.o)
 .data          0x0080018e        0x0 d:/education/iti/imt tools/sdk/imt_sdk_win_64/winavr/bin/../lib/gcc/avr/4.3.3/../../../../avr/lib/avr5\libc.a(strrev.o)
 *(.data*)
 .data.PASS     0x0080018e        0x5 ./MCAL/TWI_EEPROM/TWI_EEPROM.o
                0x0080018e                PASS
 *(.rodata)
 *(.rodata*)
 .rodata.G_u8SwitchVal
                0x00800193       0x10 ./HAL/KEY_PAD/KP_prog.o
 .rodata.G_u8SwitchVal
                0x008001a3       0x10 ./main.o
 *(.gnu.linkonce.d*)
                0x008001b4                . = ALIGN (0x2)
 *fill*         0x008001b3        0x1 00
                0x008001b4                _edata = .
                0x008001b4                PROVIDE (__data_end, .)

.bss            0x008001b4       0x5f
                0x008001b4                PROVIDE (__bss_start, .)
 *(.bss)
 .bss           0x008001b4        0x0 d:/education/iti/imt tools/sdk/imt_sdk_win_64/winavr/bin/../lib/gcc/avr/4.3.3/../../../../avr/lib/avr5/crtm32.o
 .bss           0x008001b4        0x0 ./MCAL/UART/UART.o
 .bss           0x008001b4        0x0 ./MCAL/Timer/Timer_prog.o
 .bss           0x008001b4        0x0 ./MCAL/TWI_EEPROM/TWI_EEPROM.o
 .bss           0x008001b4        0x0 ./MCAL/EXIT_interrupt/EXT_INTERUPT_prog.o
 .bss           0x008001b4        0x0 ./MCAL/DIO/DIO_prg.o
 .bss           0x008001b4        0x0 ./MCAL/ADC/ADC_prog.o
 .bss           0x008001b4        0x0 ./HAL/Push_button/Pb_prog.o
 .bss           0x008001b4        0x0 ./HAL/LCD/LCD_private.o
 .bss           0x008001b4        0x0 ./HAL/LCD/LCD_prog.o
 .bss           0x008001b4        0x0 ./HAL/KEY_PAD/KP_prog.o
 .bss           0x008001b4        0x0 ./main.o
 .bss           0x008001b4        0x0 d:/education/iti/imt tools/sdk/imt_sdk_win_64/winavr/bin/../lib/gcc/avr/4.3.3/avr5\libgcc.a(_mulsi3.o)
 .bss           0x008001b4        0x0 d:/education/iti/imt tools/sdk/imt_sdk_win_64/winavr/bin/../lib/gcc/avr/4.3.3/avr5\libgcc.a(_udivmodsi4.o)
 .bss           0x008001b4        0x0 d:/education/iti/imt tools/sdk/imt_sdk_win_64/winavr/bin/../lib/gcc/avr/4.3.3/avr5\libgcc.a(_exit.o)
 .bss           0x008001b4        0x0 d:/education/iti/imt tools/sdk/imt_sdk_win_64/winavr/bin/../lib/gcc/avr/4.3.3/avr5\libgcc.a(_copy_data.o)
 .bss           0x008001b4        0x0 d:/education/iti/imt tools/sdk/imt_sdk_win_64/winavr/bin/../lib/gcc/avr/4.3.3/avr5\libgcc.a(_clear_bss.o)
 .bss           0x008001b4        0x0 d:/education/iti/imt tools/sdk/imt_sdk_win_64/winavr/bin/../lib/gcc/avr/4.3.3/avr5\libgcc.a(_fixunssfsi.o)
 .bss           0x008001b4        0x0 d:/education/iti/imt tools/sdk/imt_sdk_win_64/winavr/bin/../lib/gcc/avr/4.3.3/avr5\libgcc.a(_addsub_sf.o)
 .bss           0x008001b4        0x0 d:/education/iti/imt tools/sdk/imt_sdk_win_64/winavr/bin/../lib/gcc/avr/4.3.3/avr5\libgcc.a(_mul_sf.o)
 .bss           0x008001b4        0x0 d:/education/iti/imt tools/sdk/imt_sdk_win_64/winavr/bin/../lib/gcc/avr/4.3.3/avr5\libgcc.a(_div_sf.o)
 .bss           0x008001b4        0x0 d:/education/iti/imt tools/sdk/imt_sdk_win_64/winavr/bin/../lib/gcc/avr/4.3.3/avr5\libgcc.a(_ne_sf.o)
 .bss           0x008001b4        0x0 d:/education/iti/imt tools/sdk/imt_sdk_win_64/winavr/bin/../lib/gcc/avr/4.3.3/avr5\libgcc.a(_gt_sf.o)
 .bss           0x008001b4        0x0 d:/education/iti/imt tools/sdk/imt_sdk_win_64/winavr/bin/../lib/gcc/avr/4.3.3/avr5\libgcc.a(_ge_sf.o)
 .bss           0x008001b4        0x0 d:/education/iti/imt tools/sdk/imt_sdk_win_64/winavr/bin/../lib/gcc/avr/4.3.3/avr5\libgcc.a(_lt_sf.o)
 .bss           0x008001b4        0x0 d:/education/iti/imt tools/sdk/imt_sdk_win_64/winavr/bin/../lib/gcc/avr/4.3.3/avr5\libgcc.a(_sf_to_si.o)
 .bss           0x008001b4        0x0 d:/education/iti/imt tools/sdk/imt_sdk_win_64/winavr/bin/../lib/gcc/avr/4.3.3/avr5\libgcc.a(_thenan_sf.o)
 .bss           0x008001b4        0x0 d:/education/iti/imt tools/sdk/imt_sdk_win_64/winavr/bin/../lib/gcc/avr/4.3.3/avr5\libgcc.a(_usi_to_sf.o)
 .bss           0x008001b4        0x0 d:/education/iti/imt tools/sdk/imt_sdk_win_64/winavr/bin/../lib/gcc/avr/4.3.3/avr5\libgcc.a(_prologue.o)
 .bss           0x008001b4        0x0 d:/education/iti/imt tools/sdk/imt_sdk_win_64/winavr/bin/../lib/gcc/avr/4.3.3/avr5\libgcc.a(_epilogue.o)
 .bss           0x008001b4        0x0 d:/education/iti/imt tools/sdk/imt_sdk_win_64/winavr/bin/../lib/gcc/avr/4.3.3/avr5\libgcc.a(_clzsi2.o)
 .bss           0x008001b4        0x0 d:/education/iti/imt tools/sdk/imt_sdk_win_64/winavr/bin/../lib/gcc/avr/4.3.3/avr5\libgcc.a(_pack_sf.o)
 .bss           0x008001b4        0x0 d:/education/iti/imt tools/sdk/imt_sdk_win_64/winavr/bin/../lib/gcc/avr/4.3.3/avr5\libgcc.a(_unpack_sf.o)
 .bss           0x008001b4        0x0 d:/education/iti/imt tools/sdk/imt_sdk_win_64/winavr/bin/../lib/gcc/avr/4.3.3/avr5\libgcc.a(_fpcmp_parts_sf.o)
 .bss           0x008001b4        0x0 d:/education/iti/imt tools/sdk/imt_sdk_win_64/winavr/bin/../lib/gcc/avr/4.3.3/avr5\libgcc.a(_clz.o)
 .bss           0x008001b4        0x0 d:/education/iti/imt tools/sdk/imt_sdk_win_64/winavr/bin/../lib/gcc/avr/4.3.3/../../../../avr/lib/avr5\libc.a(strlen.o)
 .bss           0x008001b4        0x0 d:/education/iti/imt tools/sdk/imt_sdk_win_64/winavr/bin/../lib/gcc/avr/4.3.3/../../../../avr/lib/avr5\libc.a(ltoa.o)
 .bss           0x008001b4        0x0 d:/education/iti/imt tools/sdk/imt_sdk_win_64/winavr/bin/../lib/gcc/avr/4.3.3/../../../../avr/lib/avr5\libc.a(strrev.o)
 *(.bss*)
 .bss.G_u32Timer0IntervalCount
                0x008001b4        0x4 ./MCAL/Timer/Timer_prog.o
                0x008001b4                G_u32Timer0IntervalCount
 .bss.G_u32Timer0IntervalCtcCount
                0x008001b8        0x4 ./MCAL/Timer/Timer_prog.o
                0x008001b8                G_u32Timer0IntervalCtcCount
 .bss.G_u32Timer2IntervalCount
                0x008001bc        0x4 ./MCAL/Timer/Timer_prog.o
                0x008001bc                G_u32Timer2IntervalCount
 .bss.G_u32Timer2IntervalCtcCount
                0x008001c0        0x4 ./MCAL/Timer/Timer_prog.o
                0x008001c0                G_u32Timer2IntervalCtcCount
 .bss.G_u32Timer1IntervalCtcACount
                0x008001c4        0x4 ./MCAL/Timer/Timer_prog.o
                0x008001c4                G_u32Timer1IntervalCtcACount
 .bss.G_u32Timer1IntervalCtcBCount
                0x008001c8        0x4 ./MCAL/Timer/Timer_prog.o
                0x008001c8                G_u32Timer1IntervalCtcBCount
 .bss.G_u32Timer1IntervalCount
                0x008001cc        0x4 ./MCAL/Timer/Timer_prog.o
                0x008001cc                G_u32Timer1IntervalCount
 .bss.G_u32OverFlowCounts
                0x008001d0        0x4 ./MCAL/Timer/Timer_prog.o
                0x008001d0                G_u32OverFlowCounts
 .bss.G_u32CountsForFirstRising
                0x008001d4        0x4 ./MCAL/Timer/Timer_prog.o
 .bss.G_u32CountsForFirstFaling
                0x008001d8        0x4 ./MCAL/Timer/Timer_prog.o
 .bss.G_u32CountsForSecondRising
                0x008001dc        0x4 ./MCAL/Timer/Timer_prog.o
 .bss.G_u32FrequancyOfTimeOn
                0x008001e0        0x4 ./MCAL/Timer/Timer_prog.o
 .bss.G_u32FrequancyOfTimeTotal
                0x008001e4        0x4 ./MCAL/Timer/Timer_prog.o
 .bss.LS_u32Counter.1632
                0x008001e8        0x4 ./MCAL/Timer/Timer_prog.o
 .bss.LS_u32Counter.1648
                0x008001ec        0x4 ./MCAL/Timer/Timer_prog.o
 .bss.LS_u32Counter.1664
                0x008001f0        0x4 ./MCAL/Timer/Timer_prog.o
 .bss.Timer0_Overflow_CallBack
                0x008001f4        0x2 ./MCAL/Timer/Timer_prog.o
 .bss.Timer1_Overflow_CallBack
                0x008001f6        0x2 ./MCAL/Timer/Timer_prog.o
 .bss.Timer2_Overflow_CallBack
                0x008001f8        0x2 ./MCAL/Timer/Timer_prog.o
 .bss.Timer0_CTC_CallBack
                0x008001fa        0x2 ./MCAL/Timer/Timer_prog.o
 .bss.Timer2_CTC_CallBack
                0x008001fc        0x2 ./MCAL/Timer/Timer_prog.o
 .bss.Timer1_CTC_A_CallBack
                0x008001fe        0x2 ./MCAL/Timer/Timer_prog.o
 .bss.Timer1_CTC_B_CallBack
                0x00800200        0x2 ./MCAL/Timer/Timer_prog.o
 .bss.L_State.1306
                0x00800202        0x1 ./MCAL/EXIT_interrupt/EXT_INTERUPT_prog.o
 .bss.INT0_CallBack
                0x00800203        0x2 ./MCAL/EXIT_interrupt/EXT_INTERUPT_prog.o
 .bss.INT1_CallBack
                0x00800205        0x2 ./MCAL/EXIT_interrupt/EXT_INTERUPT_prog.o
 .bss.INT2_CallBack
                0x00800207        0x2 ./MCAL/EXIT_interrupt/EXT_INTERUPT_prog.o
 .bss.INT0_CallBack1
                0x00800209        0x2 ./MCAL/EXIT_interrupt/EXT_INTERUPT_prog.o
 .bss.INT0_CallBack2
                0x0080020b        0x2 ./MCAL/EXIT_interrupt/EXT_INTERUPT_prog.o
 .bss.INT0_CallBack3
                0x0080020d        0x2 ./MCAL/EXIT_interrupt/EXT_INTERUPT_prog.o
 .bss.TIMER0_OVF_COUNT
                0x0080020f        0x2 ./main.o
                0x0080020f                TIMER0_OVF_COUNT
 *(COMMON)
 COMMON         0x00800211        0x2 ./MCAL/ADC/ADC_prog.o
                0x00800211                ADC_Callback
                0x00800213                PROVIDE (__bss_end, .)
                0x00004e16                __data_load_start = LOADADDR (.data)
                0x00004f6a                __data_load_end = (__data_load_start + SIZEOF (.data))

.noinit         0x00800213        0x0
                0x00800213                PROVIDE (__noinit_start, .)
 *(.noinit*)
                0x00800213                PROVIDE (__noinit_end, .)
                0x00800213                _end = .
                0x00800213                PROVIDE (__heap_start, .)

.eeprom         0x00810000        0x0
 *(.eeprom*)
                0x00810000                __eeprom_end = .

.fuse
 *(.fuse)
 *(.lfuse)
 *(.hfuse)
 *(.efuse)

.lock
 *(.lock*)

.signature
 *(.signature*)

.stab           0x00000000     0x47b8
 *(.stab)
 .stab          0x00000000      0x48c ./MCAL/UART/UART.o
 .stab          0x0000048c      0xbe8 ./MCAL/Timer/Timer_prog.o
                                0xbf4 (size before relaxing)
 .stab          0x00001074      0x594 ./MCAL/TWI_EEPROM/TWI_EEPROM.o
                                0x750 (size before relaxing)
 .stab          0x00001608      0x480 ./MCAL/EXIT_interrupt/EXT_INTERUPT_prog.o
                                0x48c (size before relaxing)
 .stab          0x00001a88      0x81c ./MCAL/DIO/DIO_prg.o
                                0x828 (size before relaxing)
 .stab          0x000022a4      0x4c8 ./MCAL/ADC/ADC_prog.o
                                0x4d4 (size before relaxing)
 .stab          0x0000276c      0x5b8 ./HAL/Push_button/Pb_prog.o
                                0x744 (size before relaxing)
 .stab          0x00002d24      0x3f0 ./HAL/LCD/LCD_private.o
                                0x588 (size before relaxing)
 .stab          0x00003114      0xbf4 ./HAL/LCD/LCD_prog.o
                                0xdf8 (size before relaxing)
 .stab          0x00003d08      0x3a8 ./HAL/KEY_PAD/KP_prog.o
                                0x540 (size before relaxing)
 .stab          0x000040b0      0x708 ./main.o
                                0x8f4 (size before relaxing)

.stabstr        0x00000000     0x1bf1
 *(.stabstr)
 .stabstr       0x00000000     0x1bf1 ./MCAL/UART/UART.o

.stab.excl
 *(.stab.excl)

.stab.exclstr
 *(.stab.exclstr)

.stab.index
 *(.stab.index)

.stab.indexstr
 *(.stab.indexstr)

.comment
 *(.comment)

.debug
 *(.debug)

.line
 *(.line)

.debug_srcinfo
 *(.debug_srcinfo)

.debug_sfnames
 *(.debug_sfnames)

.debug_aranges  0x00000000      0x1c0
 *(.debug_aranges)
 .debug_aranges
                0x00000000       0x20 d:/education/iti/imt tools/sdk/imt_sdk_win_64/winavr/bin/../lib/gcc/avr/4.3.3/avr5\libgcc.a(_fixunssfsi.o)
 .debug_aranges
                0x00000020       0x20 d:/education/iti/imt tools/sdk/imt_sdk_win_64/winavr/bin/../lib/gcc/avr/4.3.3/avr5\libgcc.a(_addsub_sf.o)
 .debug_aranges
                0x00000040       0x20 d:/education/iti/imt tools/sdk/imt_sdk_win_64/winavr/bin/../lib/gcc/avr/4.3.3/avr5\libgcc.a(_mul_sf.o)
 .debug_aranges
                0x00000060       0x20 d:/education/iti/imt tools/sdk/imt_sdk_win_64/winavr/bin/../lib/gcc/avr/4.3.3/avr5\libgcc.a(_div_sf.o)
 .debug_aranges
                0x00000080       0x20 d:/education/iti/imt tools/sdk/imt_sdk_win_64/winavr/bin/../lib/gcc/avr/4.3.3/avr5\libgcc.a(_ne_sf.o)
 .debug_aranges
                0x000000a0       0x20 d:/education/iti/imt tools/sdk/imt_sdk_win_64/winavr/bin/../lib/gcc/avr/4.3.3/avr5\libgcc.a(_gt_sf.o)
 .debug_aranges
                0x000000c0       0x20 d:/education/iti/imt tools/sdk/imt_sdk_win_64/winavr/bin/../lib/gcc/avr/4.3.3/avr5\libgcc.a(_ge_sf.o)
 .debug_aranges
                0x000000e0       0x20 d:/education/iti/imt tools/sdk/imt_sdk_win_64/winavr/bin/../lib/gcc/avr/4.3.3/avr5\libgcc.a(_lt_sf.o)
 .debug_aranges
                0x00000100       0x20 d:/education/iti/imt tools/sdk/imt_sdk_win_64/winavr/bin/../lib/gcc/avr/4.3.3/avr5\libgcc.a(_sf_to_si.o)
 .debug_aranges
                0x00000120       0x20 d:/education/iti/imt tools/sdk/imt_sdk_win_64/winavr/bin/../lib/gcc/avr/4.3.3/avr5\libgcc.a(_usi_to_sf.o)
 .debug_aranges
                0x00000140       0x20 d:/education/iti/imt tools/sdk/imt_sdk_win_64/winavr/bin/../lib/gcc/avr/4.3.3/avr5\libgcc.a(_clzsi2.o)
 .debug_aranges
                0x00000160       0x20 d:/education/iti/imt tools/sdk/imt_sdk_win_64/winavr/bin/../lib/gcc/avr/4.3.3/avr5\libgcc.a(_pack_sf.o)
 .debug_aranges
                0x00000180       0x20 d:/education/iti/imt tools/sdk/imt_sdk_win_64/winavr/bin/../lib/gcc/avr/4.3.3/avr5\libgcc.a(_unpack_sf.o)
 .debug_aranges
                0x000001a0       0x20 d:/education/iti/imt tools/sdk/imt_sdk_win_64/winavr/bin/../lib/gcc/avr/4.3.3/avr5\libgcc.a(_fpcmp_parts_sf.o)

.debug_pubnames
                0x00000000      0x210
 *(.debug_pubnames)
 .debug_pubnames
                0x00000000       0x23 d:/education/iti/imt tools/sdk/imt_sdk_win_64/winavr/bin/../lib/gcc/avr/4.3.3/avr5\libgcc.a(_fixunssfsi.o)
 .debug_pubnames
                0x00000023       0x2c d:/education/iti/imt tools/sdk/imt_sdk_win_64/winavr/bin/../lib/gcc/avr/4.3.3/avr5\libgcc.a(_addsub_sf.o)
 .debug_pubnames
                0x0000004f       0x1f d:/education/iti/imt tools/sdk/imt_sdk_win_64/winavr/bin/../lib/gcc/avr/4.3.3/avr5\libgcc.a(_mul_sf.o)
 .debug_pubnames
                0x0000006e       0x1f d:/education/iti/imt tools/sdk/imt_sdk_win_64/winavr/bin/../lib/gcc/avr/4.3.3/avr5\libgcc.a(_div_sf.o)
 .debug_pubnames
                0x0000008d       0x1e d:/education/iti/imt tools/sdk/imt_sdk_win_64/winavr/bin/../lib/gcc/avr/4.3.3/avr5\libgcc.a(_ne_sf.o)
 .debug_pubnames
                0x000000ab       0x1e d:/education/iti/imt tools/sdk/imt_sdk_win_64/winavr/bin/../lib/gcc/avr/4.3.3/avr5\libgcc.a(_gt_sf.o)
 .debug_pubnames
                0x000000c9       0x1e d:/education/iti/imt tools/sdk/imt_sdk_win_64/winavr/bin/../lib/gcc/avr/4.3.3/avr5\libgcc.a(_ge_sf.o)
 .debug_pubnames
                0x000000e7       0x1e d:/education/iti/imt tools/sdk/imt_sdk_win_64/winavr/bin/../lib/gcc/avr/4.3.3/avr5\libgcc.a(_lt_sf.o)
 .debug_pubnames
                0x00000105       0x20 d:/education/iti/imt tools/sdk/imt_sdk_win_64/winavr/bin/../lib/gcc/avr/4.3.3/avr5\libgcc.a(_sf_to_si.o)
 .debug_pubnames
                0x00000125       0x22 d:/education/iti/imt tools/sdk/imt_sdk_win_64/winavr/bin/../lib/gcc/avr/4.3.3/avr5\libgcc.a(_thenan_sf.o)
 .debug_pubnames
                0x00000147       0x24 d:/education/iti/imt tools/sdk/imt_sdk_win_64/winavr/bin/../lib/gcc/avr/4.3.3/avr5\libgcc.a(_usi_to_sf.o)
 .debug_pubnames
                0x0000016b       0x1f d:/education/iti/imt tools/sdk/imt_sdk_win_64/winavr/bin/../lib/gcc/avr/4.3.3/avr5\libgcc.a(_clzsi2.o)
 .debug_pubnames
                0x0000018a       0x1f d:/education/iti/imt tools/sdk/imt_sdk_win_64/winavr/bin/../lib/gcc/avr/4.3.3/avr5\libgcc.a(_pack_sf.o)
 .debug_pubnames
                0x000001a9       0x21 d:/education/iti/imt tools/sdk/imt_sdk_win_64/winavr/bin/../lib/gcc/avr/4.3.3/avr5\libgcc.a(_unpack_sf.o)
 .debug_pubnames
                0x000001ca       0x26 d:/education/iti/imt tools/sdk/imt_sdk_win_64/winavr/bin/../lib/gcc/avr/4.3.3/avr5\libgcc.a(_fpcmp_parts_sf.o)
 .debug_pubnames
                0x000001f0       0x20 d:/education/iti/imt tools/sdk/imt_sdk_win_64/winavr/bin/../lib/gcc/avr/4.3.3/avr5\libgcc.a(_clz.o)

.debug_info     0x00000000     0x268a
 *(.debug_info)
 .debug_info    0x00000000       0xb1 d:/education/iti/imt tools/sdk/imt_sdk_win_64/winavr/bin/../lib/gcc/avr/4.3.3/avr5\libgcc.a(_fixunssfsi.o)
 .debug_info    0x000000b1      0x47a d:/education/iti/imt tools/sdk/imt_sdk_win_64/winavr/bin/../lib/gcc/avr/4.3.3/avr5\libgcc.a(_addsub_sf.o)
 .debug_info    0x0000052b      0x485 d:/education/iti/imt tools/sdk/imt_sdk_win_64/winavr/bin/../lib/gcc/avr/4.3.3/avr5\libgcc.a(_mul_sf.o)
 .debug_info    0x000009b0      0x3fc d:/education/iti/imt tools/sdk/imt_sdk_win_64/winavr/bin/../lib/gcc/avr/4.3.3/avr5\libgcc.a(_div_sf.o)
 .debug_info    0x00000dac      0x27f d:/education/iti/imt tools/sdk/imt_sdk_win_64/winavr/bin/../lib/gcc/avr/4.3.3/avr5\libgcc.a(_ne_sf.o)
 .debug_info    0x0000102b      0x27f d:/education/iti/imt tools/sdk/imt_sdk_win_64/winavr/bin/../lib/gcc/avr/4.3.3/avr5\libgcc.a(_gt_sf.o)
 .debug_info    0x000012aa      0x27f d:/education/iti/imt tools/sdk/imt_sdk_win_64/winavr/bin/../lib/gcc/avr/4.3.3/avr5\libgcc.a(_ge_sf.o)
 .debug_info    0x00001529      0x27f d:/education/iti/imt tools/sdk/imt_sdk_win_64/winavr/bin/../lib/gcc/avr/4.3.3/avr5\libgcc.a(_lt_sf.o)
 .debug_info    0x000017a8      0x2b0 d:/education/iti/imt tools/sdk/imt_sdk_win_64/winavr/bin/../lib/gcc/avr/4.3.3/avr5\libgcc.a(_sf_to_si.o)
 .debug_info    0x00001a58      0x12c d:/education/iti/imt tools/sdk/imt_sdk_win_64/winavr/bin/../lib/gcc/avr/4.3.3/avr5\libgcc.a(_thenan_sf.o)
 .debug_info    0x00001b84      0x206 d:/education/iti/imt tools/sdk/imt_sdk_win_64/winavr/bin/../lib/gcc/avr/4.3.3/avr5\libgcc.a(_usi_to_sf.o)
 .debug_info    0x00001d8a      0x117 d:/education/iti/imt tools/sdk/imt_sdk_win_64/winavr/bin/../lib/gcc/avr/4.3.3/avr5\libgcc.a(_clzsi2.o)
 .debug_info    0x00001ea1      0x2df d:/education/iti/imt tools/sdk/imt_sdk_win_64/winavr/bin/../lib/gcc/avr/4.3.3/avr5\libgcc.a(_pack_sf.o)
 .debug_info    0x00002180      0x251 d:/education/iti/imt tools/sdk/imt_sdk_win_64/winavr/bin/../lib/gcc/avr/4.3.3/avr5\libgcc.a(_unpack_sf.o)
 .debug_info    0x000023d1      0x210 d:/education/iti/imt tools/sdk/imt_sdk_win_64/winavr/bin/../lib/gcc/avr/4.3.3/avr5\libgcc.a(_fpcmp_parts_sf.o)
 .debug_info    0x000025e1       0xa9 d:/education/iti/imt tools/sdk/imt_sdk_win_64/winavr/bin/../lib/gcc/avr/4.3.3/avr5\libgcc.a(_clz.o)
 *(.gnu.linkonce.wi.*)

.debug_abbrev   0x00000000     0x14e0
 *(.debug_abbrev)
 .debug_abbrev  0x00000000       0x5d d:/education/iti/imt tools/sdk/imt_sdk_win_64/winavr/bin/../lib/gcc/avr/4.3.3/avr5\libgcc.a(_fixunssfsi.o)
 .debug_abbrev  0x0000005d      0x1ea d:/education/iti/imt tools/sdk/imt_sdk_win_64/winavr/bin/../lib/gcc/avr/4.3.3/avr5\libgcc.a(_addsub_sf.o)
 .debug_abbrev  0x00000247      0x21b d:/education/iti/imt tools/sdk/imt_sdk_win_64/winavr/bin/../lib/gcc/avr/4.3.3/avr5\libgcc.a(_mul_sf.o)
 .debug_abbrev  0x00000462      0x216 d:/education/iti/imt tools/sdk/imt_sdk_win_64/winavr/bin/../lib/gcc/avr/4.3.3/avr5\libgcc.a(_div_sf.o)
 .debug_abbrev  0x00000678      0x15a d:/education/iti/imt tools/sdk/imt_sdk_win_64/winavr/bin/../lib/gcc/avr/4.3.3/avr5\libgcc.a(_ne_sf.o)
 .debug_abbrev  0x000007d2      0x15a d:/education/iti/imt tools/sdk/imt_sdk_win_64/winavr/bin/../lib/gcc/avr/4.3.3/avr5\libgcc.a(_gt_sf.o)
 .debug_abbrev  0x0000092c      0x15a d:/education/iti/imt tools/sdk/imt_sdk_win_64/winavr/bin/../lib/gcc/avr/4.3.3/avr5\libgcc.a(_ge_sf.o)
 .debug_abbrev  0x00000a86      0x15a d:/education/iti/imt tools/sdk/imt_sdk_win_64/winavr/bin/../lib/gcc/avr/4.3.3/avr5\libgcc.a(_lt_sf.o)
 .debug_abbrev  0x00000be0      0x17f d:/education/iti/imt tools/sdk/imt_sdk_win_64/winavr/bin/../lib/gcc/avr/4.3.3/avr5\libgcc.a(_sf_to_si.o)
 .debug_abbrev  0x00000d5f       0xad d:/education/iti/imt tools/sdk/imt_sdk_win_64/winavr/bin/../lib/gcc/avr/4.3.3/avr5\libgcc.a(_thenan_sf.o)
 .debug_abbrev  0x00000e0c      0x157 d:/education/iti/imt tools/sdk/imt_sdk_win_64/winavr/bin/../lib/gcc/avr/4.3.3/avr5\libgcc.a(_usi_to_sf.o)
 .debug_abbrev  0x00000f63       0xc4 d:/education/iti/imt tools/sdk/imt_sdk_win_64/winavr/bin/../lib/gcc/avr/4.3.3/avr5\libgcc.a(_clzsi2.o)
 .debug_abbrev  0x00001027      0x1c0 d:/education/iti/imt tools/sdk/imt_sdk_win_64/winavr/bin/../lib/gcc/avr/4.3.3/avr5\libgcc.a(_pack_sf.o)
 .debug_abbrev  0x000011e7      0x154 d:/education/iti/imt tools/sdk/imt_sdk_win_64/winavr/bin/../lib/gcc/avr/4.3.3/avr5\libgcc.a(_unpack_sf.o)
 .debug_abbrev  0x0000133b      0x13b d:/education/iti/imt tools/sdk/imt_sdk_win_64/winavr/bin/../lib/gcc/avr/4.3.3/avr5\libgcc.a(_fpcmp_parts_sf.o)
 .debug_abbrev  0x00001476       0x6a d:/education/iti/imt tools/sdk/imt_sdk_win_64/winavr/bin/../lib/gcc/avr/4.3.3/avr5\libgcc.a(_clz.o)

.debug_line     0x00000000     0x12a9
 *(.debug_line)
 .debug_line    0x00000000       0xa7 d:/education/iti/imt tools/sdk/imt_sdk_win_64/winavr/bin/../lib/gcc/avr/4.3.3/avr5\libgcc.a(_fixunssfsi.o)
 .debug_line    0x000000a7      0x2af d:/education/iti/imt tools/sdk/imt_sdk_win_64/winavr/bin/../lib/gcc/avr/4.3.3/avr5\libgcc.a(_addsub_sf.o)
 .debug_line    0x00000356      0x239 d:/education/iti/imt tools/sdk/imt_sdk_win_64/winavr/bin/../lib/gcc/avr/4.3.3/avr5\libgcc.a(_mul_sf.o)
 .debug_line    0x0000058f      0x1d5 d:/education/iti/imt tools/sdk/imt_sdk_win_64/winavr/bin/../lib/gcc/avr/4.3.3/avr5\libgcc.a(_div_sf.o)
 .debug_line    0x00000764       0xd3 d:/education/iti/imt tools/sdk/imt_sdk_win_64/winavr/bin/../lib/gcc/avr/4.3.3/avr5\libgcc.a(_ne_sf.o)
 .debug_line    0x00000837       0xd3 d:/education/iti/imt tools/sdk/imt_sdk_win_64/winavr/bin/../lib/gcc/avr/4.3.3/avr5\libgcc.a(_gt_sf.o)
 .debug_line    0x0000090a       0xd3 d:/education/iti/imt tools/sdk/imt_sdk_win_64/winavr/bin/../lib/gcc/avr/4.3.3/avr5\libgcc.a(_ge_sf.o)
 .debug_line    0x000009dd       0xd3 d:/education/iti/imt tools/sdk/imt_sdk_win_64/winavr/bin/../lib/gcc/avr/4.3.3/avr5\libgcc.a(_lt_sf.o)
 .debug_line    0x00000ab0      0x109 d:/education/iti/imt tools/sdk/imt_sdk_win_64/winavr/bin/../lib/gcc/avr/4.3.3/avr5\libgcc.a(_sf_to_si.o)
 .debug_line    0x00000bb9       0x90 d:/education/iti/imt tools/sdk/imt_sdk_win_64/winavr/bin/../lib/gcc/avr/4.3.3/avr5\libgcc.a(_thenan_sf.o)
 .debug_line    0x00000c49      0x133 d:/education/iti/imt tools/sdk/imt_sdk_win_64/winavr/bin/../lib/gcc/avr/4.3.3/avr5\libgcc.a(_usi_to_sf.o)
 .debug_line    0x00000d7c       0xa5 d:/education/iti/imt tools/sdk/imt_sdk_win_64/winavr/bin/../lib/gcc/avr/4.3.3/avr5\libgcc.a(_clzsi2.o)
 .debug_line    0x00000e21      0x18a d:/education/iti/imt tools/sdk/imt_sdk_win_64/winavr/bin/../lib/gcc/avr/4.3.3/avr5\libgcc.a(_pack_sf.o)
 .debug_line    0x00000fab      0x14b d:/education/iti/imt tools/sdk/imt_sdk_win_64/winavr/bin/../lib/gcc/avr/4.3.3/avr5\libgcc.a(_unpack_sf.o)
 .debug_line    0x000010f6      0x137 d:/education/iti/imt tools/sdk/imt_sdk_win_64/winavr/bin/../lib/gcc/avr/4.3.3/avr5\libgcc.a(_fpcmp_parts_sf.o)
 .debug_line    0x0000122d       0x7c d:/education/iti/imt tools/sdk/imt_sdk_win_64/winavr/bin/../lib/gcc/avr/4.3.3/avr5\libgcc.a(_clz.o)

.debug_frame    0x00000000      0x1e0
 *(.debug_frame)
 .debug_frame   0x00000000       0x20 d:/education/iti/imt tools/sdk/imt_sdk_win_64/winavr/bin/../lib/gcc/avr/4.3.3/avr5\libgcc.a(_fixunssfsi.o)
 .debug_frame   0x00000020       0x40 d:/education/iti/imt tools/sdk/imt_sdk_win_64/winavr/bin/../lib/gcc/avr/4.3.3/avr5\libgcc.a(_addsub_sf.o)
 .debug_frame   0x00000060       0x20 d:/education/iti/imt tools/sdk/imt_sdk_win_64/winavr/bin/../lib/gcc/avr/4.3.3/avr5\libgcc.a(_mul_sf.o)
 .debug_frame   0x00000080       0x20 d:/education/iti/imt tools/sdk/imt_sdk_win_64/winavr/bin/../lib/gcc/avr/4.3.3/avr5\libgcc.a(_div_sf.o)
 .debug_frame   0x000000a0       0x20 d:/education/iti/imt tools/sdk/imt_sdk_win_64/winavr/bin/../lib/gcc/avr/4.3.3/avr5\libgcc.a(_ne_sf.o)
 .debug_frame   0x000000c0       0x20 d:/education/iti/imt tools/sdk/imt_sdk_win_64/winavr/bin/../lib/gcc/avr/4.3.3/avr5\libgcc.a(_gt_sf.o)
 .debug_frame   0x000000e0       0x20 d:/education/iti/imt tools/sdk/imt_sdk_win_64/winavr/bin/../lib/gcc/avr/4.3.3/avr5\libgcc.a(_ge_sf.o)
 .debug_frame   0x00000100       0x20 d:/education/iti/imt tools/sdk/imt_sdk_win_64/winavr/bin/../lib/gcc/avr/4.3.3/avr5\libgcc.a(_lt_sf.o)
 .debug_frame   0x00000120       0x20 d:/education/iti/imt tools/sdk/imt_sdk_win_64/winavr/bin/../lib/gcc/avr/4.3.3/avr5\libgcc.a(_sf_to_si.o)
 .debug_frame   0x00000140       0x20 d:/education/iti/imt tools/sdk/imt_sdk_win_64/winavr/bin/../lib/gcc/avr/4.3.3/avr5\libgcc.a(_usi_to_sf.o)
 .debug_frame   0x00000160       0x20 d:/education/iti/imt tools/sdk/imt_sdk_win_64/winavr/bin/../lib/gcc/avr/4.3.3/avr5\libgcc.a(_clzsi2.o)
 .debug_frame   0x00000180       0x20 d:/education/iti/imt tools/sdk/imt_sdk_win_64/winavr/bin/../lib/gcc/avr/4.3.3/avr5\libgcc.a(_pack_sf.o)
 .debug_frame   0x000001a0       0x20 d:/education/iti/imt tools/sdk/imt_sdk_win_64/winavr/bin/../lib/gcc/avr/4.3.3/avr5\libgcc.a(_unpack_sf.o)
 .debug_frame   0x000001c0       0x20 d:/education/iti/imt tools/sdk/imt_sdk_win_64/winavr/bin/../lib/gcc/avr/4.3.3/avr5\libgcc.a(_fpcmp_parts_sf.o)

.debug_str      0x00000000      0x2fe
 *(.debug_str)
 .debug_str     0x00000000       0xbf d:/education/iti/imt tools/sdk/imt_sdk_win_64/winavr/bin/../lib/gcc/avr/4.3.3/avr5\libgcc.a(_fixunssfsi.o)
                                 0xfe (size before relaxing)
 .debug_str     0x000000bf      0x14d d:/education/iti/imt tools/sdk/imt_sdk_win_64/winavr/bin/../lib/gcc/avr/4.3.3/avr5\libgcc.a(_addsub_sf.o)
                                0x206 (size before relaxing)
 .debug_str     0x0000020c       0x27 d:/education/iti/imt tools/sdk/imt_sdk_win_64/winavr/bin/../lib/gcc/avr/4.3.3/avr5\libgcc.a(_mul_sf.o)
                                0x1bf (size before relaxing)
 .debug_str     0x00000233       0x35 d:/education/iti/imt tools/sdk/imt_sdk_win_64/winavr/bin/../lib/gcc/avr/4.3.3/avr5\libgcc.a(_div_sf.o)
                                0x1c8 (size before relaxing)
 .debug_str     0x00000268        0x8 d:/education/iti/imt tools/sdk/imt_sdk_win_64/winavr/bin/../lib/gcc/avr/4.3.3/avr5\libgcc.a(_ne_sf.o)
                                0x195 (size before relaxing)
 .debug_str     0x00000270        0x8 d:/education/iti/imt tools/sdk/imt_sdk_win_64/winavr/bin/../lib/gcc/avr/4.3.3/avr5\libgcc.a(_gt_sf.o)
                                0x195 (size before relaxing)
 .debug_str     0x00000278        0x8 d:/education/iti/imt tools/sdk/imt_sdk_win_64/winavr/bin/../lib/gcc/avr/4.3.3/avr5\libgcc.a(_ge_sf.o)
                                0x195 (size before relaxing)
 .debug_str     0x00000280        0x8 d:/education/iti/imt tools/sdk/imt_sdk_win_64/winavr/bin/../lib/gcc/avr/4.3.3/avr5\libgcc.a(_lt_sf.o)
                                0x195 (size before relaxing)
 .debug_str     0x00000288        0xa d:/education/iti/imt tools/sdk/imt_sdk_win_64/winavr/bin/../lib/gcc/avr/4.3.3/avr5\libgcc.a(_sf_to_si.o)
                                0x19e (size before relaxing)
 .debug_str     0x00000000      0x103 d:/education/iti/imt tools/sdk/imt_sdk_win_64/winavr/bin/../lib/gcc/avr/4.3.3/avr5\libgcc.a(_thenan_sf.o)
 .debug_str     0x00000292       0x21 d:/education/iti/imt tools/sdk/imt_sdk_win_64/winavr/bin/../lib/gcc/avr/4.3.3/avr5\libgcc.a(_usi_to_sf.o)
                                0x177 (size before relaxing)
 .debug_str     0x000002b3       0x20 d:/education/iti/imt tools/sdk/imt_sdk_win_64/winavr/bin/../lib/gcc/avr/4.3.3/avr5\libgcc.a(_clzsi2.o)
                                0x111 (size before relaxing)
 .debug_str     0x000002d3       0x10 d:/education/iti/imt tools/sdk/imt_sdk_win_64/winavr/bin/../lib/gcc/avr/4.3.3/avr5\libgcc.a(_pack_sf.o)
                                0x19d (size before relaxing)
 .debug_str     0x000002e3        0xb d:/education/iti/imt tools/sdk/imt_sdk_win_64/winavr/bin/../lib/gcc/avr/4.3.3/avr5\libgcc.a(_unpack_sf.o)
                                0x17f (size before relaxing)
 .debug_str     0x000002ee       0x10 d:/education/iti/imt tools/sdk/imt_sdk_win_64/winavr/bin/../lib/gcc/avr/4.3.3/avr5\libgcc.a(_fpcmp_parts_sf.o)
                                0x163 (size before relaxing)
 .debug_str     0x00000000       0xf4 d:/education/iti/imt tools/sdk/imt_sdk_win_64/winavr/bin/../lib/gcc/avr/4.3.3/avr5\libgcc.a(_clz.o)

.debug_loc      0x00000000      0x9aa
 *(.debug_loc)
 .debug_loc     0x00000000       0x34 d:/education/iti/imt tools/sdk/imt_sdk_win_64/winavr/bin/../lib/gcc/avr/4.3.3/avr5\libgcc.a(_fixunssfsi.o)
 .debug_loc     0x00000034      0x32a d:/education/iti/imt tools/sdk/imt_sdk_win_64/winavr/bin/../lib/gcc/avr/4.3.3/avr5\libgcc.a(_addsub_sf.o)
 .debug_loc     0x0000035e      0x104 d:/education/iti/imt tools/sdk/imt_sdk_win_64/winavr/bin/../lib/gcc/avr/4.3.3/avr5\libgcc.a(_mul_sf.o)
 .debug_loc     0x00000462       0xc0 d:/education/iti/imt tools/sdk/imt_sdk_win_64/winavr/bin/../lib/gcc/avr/4.3.3/avr5\libgcc.a(_div_sf.o)
 .debug_loc     0x00000522       0x3c d:/education/iti/imt tools/sdk/imt_sdk_win_64/winavr/bin/../lib/gcc/avr/4.3.3/avr5\libgcc.a(_ne_sf.o)
 .debug_loc     0x0000055e       0x3c d:/education/iti/imt tools/sdk/imt_sdk_win_64/winavr/bin/../lib/gcc/avr/4.3.3/avr5\libgcc.a(_gt_sf.o)
 .debug_loc     0x0000059a       0x3c d:/education/iti/imt tools/sdk/imt_sdk_win_64/winavr/bin/../lib/gcc/avr/4.3.3/avr5\libgcc.a(_ge_sf.o)
 .debug_loc     0x000005d6       0x3c d:/education/iti/imt tools/sdk/imt_sdk_win_64/winavr/bin/../lib/gcc/avr/4.3.3/avr5\libgcc.a(_lt_sf.o)
 .debug_loc     0x00000612       0x7e d:/education/iti/imt tools/sdk/imt_sdk_win_64/winavr/bin/../lib/gcc/avr/4.3.3/avr5\libgcc.a(_sf_to_si.o)
 .debug_loc     0x00000690       0x4c d:/education/iti/imt tools/sdk/imt_sdk_win_64/winavr/bin/../lib/gcc/avr/4.3.3/avr5\libgcc.a(_usi_to_sf.o)
 .debug_loc     0x000006dc       0x94 d:/education/iti/imt tools/sdk/imt_sdk_win_64/winavr/bin/../lib/gcc/avr/4.3.3/avr5\libgcc.a(_clzsi2.o)
 .debug_loc     0x00000770      0x13e d:/education/iti/imt tools/sdk/imt_sdk_win_64/winavr/bin/../lib/gcc/avr/4.3.3/avr5\libgcc.a(_pack_sf.o)
 .debug_loc     0x000008ae       0xac d:/education/iti/imt tools/sdk/imt_sdk_win_64/winavr/bin/../lib/gcc/avr/4.3.3/avr5\libgcc.a(_unpack_sf.o)
 .debug_loc     0x0000095a       0x50 d:/education/iti/imt tools/sdk/imt_sdk_win_64/winavr/bin/../lib/gcc/avr/4.3.3/avr5\libgcc.a(_fpcmp_parts_sf.o)

.debug_macinfo
 *(.debug_macinfo)
OUTPUT(ITI_PROJECTII_SecuirtyEcu.elf elf32-avr)
LOAD linker stubs

.debug_ranges   0x00000000       0x50
 .debug_ranges  0x00000000       0x50 d:/education/iti/imt tools/sdk/imt_sdk_win_64/winavr/bin/../lib/gcc/avr/4.3.3/avr5\libgcc.a(_mul_sf.o)
